<?php return array (
  0 => 'Symfony\\Bundle\\FrameworkBundle\\Controller\\AbstractController',
  1 => 'Symfony\\Bundle\\FrameworkBundle\\Controller\\Controller',
  2 => 'Debril\\RssAtomBundle\\Controller\\StreamController',
  3 => 'Doctrine\\Bundle\\DoctrineBundle\\Controller\\ProfilerController',
  4 => 'Endroid\\QrCode\\Bundle\\QrCodeBundle\\Controller\\QrCodeController',
  5 => 'Pimcore\\Bundle\\AdminBundle\\Controller\\AdminController',
  6 => 'Pimcore\\Bundle\\AdminBundle\\Controller\\AdminControllerInterface',
  7 => 'Pimcore\\Bundle\\AdminBundle\\Controller\\Admin\\AssetController',
  8 => 'Pimcore\\Bundle\\AdminBundle\\Controller\\Admin\\ClassController',
  9 => 'Pimcore\\Bundle\\AdminBundle\\Controller\\Admin\\ClassificationstoreController',
  10 => 'Pimcore\\Bundle\\AdminBundle\\Controller\\Admin\\DataObjectController',
  11 => 'Pimcore\\Bundle\\AdminBundle\\Controller\\Admin\\DataObjectHelperController',
  12 => 'Pimcore\\Bundle\\AdminBundle\\Controller\\Admin\\DocumentController',
  13 => 'Pimcore\\Bundle\\AdminBundle\\Controller\\Admin\\DocumentControllerBase',
  14 => 'Pimcore\\Bundle\\AdminBundle\\Controller\\Admin\\DocumentTag\\RenderletController',
  15 => 'Pimcore\\Bundle\\AdminBundle\\Controller\\Admin\\ElementController',
  16 => 'Pimcore\\Bundle\\AdminBundle\\Controller\\Admin\\ElementControllerBase',
  17 => 'Pimcore\\Bundle\\AdminBundle\\Controller\\Admin\\EmailController',
  18 => 'Pimcore\\Bundle\\AdminBundle\\Controller\\Admin\\External\\AdminerController',
  19 => 'Pimcore\\Bundle\\AdminBundle\\Controller\\Admin\\External\\LinfoController',
  20 => 'Pimcore\\Bundle\\AdminBundle\\Controller\\Admin\\External\\OpcacheController',
  21 => 'Pimcore\\Bundle\\AdminBundle\\Controller\\Admin\\FolderController',
  22 => 'Pimcore\\Bundle\\AdminBundle\\Controller\\Admin\\HardlinkController',
  23 => 'Pimcore\\Bundle\\AdminBundle\\Controller\\Admin\\IndexController',
  24 => 'Pimcore\\Bundle\\AdminBundle\\Controller\\Admin\\InstallController',
  25 => 'Pimcore\\Bundle\\AdminBundle\\Controller\\Admin\\LinkController',
  26 => 'Pimcore\\Bundle\\AdminBundle\\Controller\\Admin\\LogController',
  27 => 'Pimcore\\Bundle\\AdminBundle\\Controller\\Admin\\LoginController',
  28 => 'Pimcore\\Bundle\\AdminBundle\\Controller\\Admin\\MiscController',
  29 => 'Pimcore\\Bundle\\AdminBundle\\Controller\\Admin\\NewsletterController',
  30 => 'Pimcore\\Bundle\\AdminBundle\\Controller\\Admin\\PageController',
  31 => 'Pimcore\\Bundle\\AdminBundle\\Controller\\Admin\\PortalController',
  32 => 'Pimcore\\Bundle\\AdminBundle\\Controller\\Admin\\PrintcontainerController',
  33 => 'Pimcore\\Bundle\\AdminBundle\\Controller\\Admin\\PrintpageController',
  34 => 'Pimcore\\Bundle\\AdminBundle\\Controller\\Admin\\PrintpageControllerBase',
  35 => 'Pimcore\\Bundle\\AdminBundle\\Controller\\Admin\\QuantityValueController',
  36 => 'Pimcore\\Bundle\\AdminBundle\\Controller\\Admin\\RecyclebinController',
  37 => 'Pimcore\\Bundle\\AdminBundle\\Controller\\Admin\\RedirectsController',
  38 => 'Pimcore\\Bundle\\AdminBundle\\Controller\\Admin\\SettingsController',
  39 => 'Pimcore\\Bundle\\AdminBundle\\Controller\\Admin\\SnippetController',
  40 => 'Pimcore\\Bundle\\AdminBundle\\Controller\\Admin\\TagsController',
  41 => 'Pimcore\\Bundle\\AdminBundle\\Controller\\Admin\\TargetingController',
  42 => 'Pimcore\\Bundle\\AdminBundle\\Controller\\Admin\\TranslationController',
  43 => 'Pimcore\\Bundle\\AdminBundle\\Controller\\Admin\\UserController',
  44 => 'Pimcore\\Bundle\\AdminBundle\\Controller\\Admin\\VariantsController',
  45 => 'Pimcore\\Bundle\\AdminBundle\\Controller\\Admin\\WorkflowController',
  46 => 'Pimcore\\Bundle\\AdminBundle\\Controller\\BruteforceProtectedControllerInterface',
  47 => 'Pimcore\\Bundle\\AdminBundle\\Controller\\DoubleAuthenticationControllerInterface',
  48 => 'Pimcore\\Bundle\\AdminBundle\\Controller\\ExtensionManager\\ExtensionManagerController',
  49 => 'Pimcore\\Bundle\\AdminBundle\\Controller\\GDPR\\AdminController',
  50 => 'Pimcore\\Bundle\\AdminBundle\\Controller\\GDPR\\AssetController',
  51 => 'Pimcore\\Bundle\\AdminBundle\\Controller\\GDPR\\DataObjectController',
  52 => 'Pimcore\\Bundle\\AdminBundle\\Controller\\GDPR\\PimcoreUsersController',
  53 => 'Pimcore\\Bundle\\AdminBundle\\Controller\\GDPR\\SentMailController',
  54 => 'Pimcore\\Bundle\\AdminBundle\\Controller\\Reports\\AnalyticsController',
  55 => 'Pimcore\\Bundle\\AdminBundle\\Controller\\Reports\\CustomReportController',
  56 => 'Pimcore\\Bundle\\AdminBundle\\Controller\\Reports\\PiwikController',
  57 => 'Pimcore\\Bundle\\AdminBundle\\Controller\\Reports\\QrcodeController',
  58 => 'Pimcore\\Bundle\\AdminBundle\\Controller\\Reports\\ReportsControllerBase',
  59 => 'Pimcore\\Bundle\\AdminBundle\\Controller\\Reports\\SettingsController',
  60 => 'Pimcore\\Bundle\\AdminBundle\\Controller\\Rest\\AbstractRestController',
  61 => 'Pimcore\\Bundle\\AdminBundle\\Controller\\Rest\\ClassController',
  62 => 'Pimcore\\Bundle\\AdminBundle\\Controller\\Rest\\Element\\AbstractElementController',
  63 => 'Pimcore\\Bundle\\AdminBundle\\Controller\\Rest\\Element\\AssetController',
  64 => 'Pimcore\\Bundle\\AdminBundle\\Controller\\Rest\\Element\\DataObjectController',
  65 => 'Pimcore\\Bundle\\AdminBundle\\Controller\\Rest\\Element\\DocumentController',
  66 => 'Pimcore\\Bundle\\AdminBundle\\Controller\\Rest\\Element\\TagController',
  67 => 'Pimcore\\Bundle\\AdminBundle\\Controller\\Rest\\ImageController',
  68 => 'Pimcore\\Bundle\\AdminBundle\\Controller\\Rest\\InfoController',
  69 => 'Pimcore\\Bundle\\AdminBundle\\Controller\\Searchadmin\\SearchController',
  70 => 'Pimcore\\Bundle\\AdminBundle\\Controller\\Update\\IndexController',
  71 => 'Pimcore\\Bundle\\CoreBundle\\Controller\\PublicServicesController',
  72 => 'Pimcore\\Bundle\\EcommerceFrameworkBundle\\Controller\\AdminOrderController',
  73 => 'Pimcore\\Bundle\\EcommerceFrameworkBundle\\Controller\\ConfigController',
  74 => 'Pimcore\\Bundle\\EcommerceFrameworkBundle\\Controller\\FindologicController',
  75 => 'Pimcore\\Bundle\\EcommerceFrameworkBundle\\Controller\\IndexController',
  76 => 'Pimcore\\Bundle\\EcommerceFrameworkBundle\\Controller\\PricingController',
  77 => 'Pimcore\\Bundle\\EcommerceFrameworkBundle\\Controller\\Reports\\PiwikController',
  78 => 'Pimcore\\Bundle\\EcommerceFrameworkBundle\\Controller\\VoucherController',
  79 => 'Pimcore\\Bundle\\InstallBundle\\Controller\\InstallController',
  80 => 'Pimcore\\Controller\\ArgumentValueResolver\\DocumentValueResolver',
  81 => 'Pimcore\\Controller\\ArgumentValueResolver\\EditmodeValueResolver',
  82 => 'Pimcore\\Controller\\ArgumentValueResolver\\TemplateVarsValueResolver',
  83 => 'Pimcore\\Controller\\ArgumentValueResolver\\ViewModelValueResolver',
  84 => 'Pimcore\\Controller\\ArgumentValueResolver\\WebsiteConfigValueResolver',
  85 => 'Pimcore\\Controller\\Config\\ConfigNormalizer',
  86 => 'Pimcore\\Controller\\Config\\ControllerDataProvider',
  87 => 'Pimcore\\Controller\\Configuration\\ResponseHeader',
  88 => 'Pimcore\\Controller\\Configuration\\TemplatePhp',
  89 => 'Pimcore\\Controller\\Controller',
  90 => 'Pimcore\\Controller\\EventedControllerInterface',
  91 => 'Pimcore\\Controller\\FrontendController',
  92 => 'Pimcore\\Controller\\TemplateControllerInterface',
  93 => 'Pimcore\\Controller\\Traits\\TemplateControllerTrait',
  94 => 'Presta\\SitemapBundle\\Controller\\SitemapController',
  97 => 'Symfony\\Bundle\\FrameworkBundle\\Controller\\ControllerNameParser',
  98 => 'Symfony\\Bundle\\FrameworkBundle\\Controller\\ControllerResolver',
  99 => 'Symfony\\Bundle\\FrameworkBundle\\Controller\\ControllerTrait',
  100 => 'Symfony\\Bundle\\FrameworkBundle\\Controller\\RedirectController',
  101 => 'Symfony\\Bundle\\FrameworkBundle\\Controller\\TemplateController',
  102 => 'Symfony\\Bundle\\TwigBundle\\Controller\\ExceptionController',
  103 => 'Symfony\\Bundle\\TwigBundle\\Controller\\PreviewErrorController',
  104 => 'Symfony\\Bundle\\WebProfilerBundle\\Controller\\ExceptionController',
  105 => 'Symfony\\Bundle\\WebProfilerBundle\\Controller\\ProfilerController',
  106 => 'Symfony\\Bundle\\WebProfilerBundle\\Controller\\RouterController',
  107 => 'Symfony\\Cmf\\Bundle\\RoutingBundle\\Controller\\RedirectController',
  108 => 'Symfony\\Component\\HttpKernel\\Controller\\ArgumentResolver',
  109 => 'Symfony\\Component\\HttpKernel\\Controller\\ArgumentResolverInterface',
  110 => 'Symfony\\Component\\HttpKernel\\Controller\\ArgumentResolver\\DefaultValueResolver',
  111 => 'Symfony\\Component\\HttpKernel\\Controller\\ArgumentResolver\\RequestAttributeValueResolver',
  112 => 'Symfony\\Component\\HttpKernel\\Controller\\ArgumentResolver\\RequestValueResolver',
  113 => 'Symfony\\Component\\HttpKernel\\Controller\\ArgumentResolver\\ServiceValueResolver',
  114 => 'Symfony\\Component\\HttpKernel\\Controller\\ArgumentResolver\\SessionValueResolver',
  115 => 'Symfony\\Component\\HttpKernel\\Controller\\ArgumentResolver\\VariadicValueResolver',
  116 => 'Symfony\\Component\\HttpKernel\\Controller\\ArgumentValueResolverInterface',
  117 => 'Symfony\\Component\\HttpKernel\\Controller\\ContainerControllerResolver',
  118 => 'Symfony\\Component\\HttpKernel\\Controller\\ControllerReference',
  119 => 'Symfony\\Component\\HttpKernel\\Controller\\ControllerResolver',
  120 => 'Symfony\\Component\\HttpKernel\\Controller\\ControllerResolverInterface',
  121 => 'Symfony\\Component\\HttpKernel\\Controller\\TraceableArgumentResolver',
  122 => 'Symfony\\Component\\HttpKernel\\Controller\\TraceableControllerResolver',
);